Component: ARM Compiler 5.06 update 7 (build 960) Tool: armlink [4d3601]

==============================================================================

Section Cross References

    main.o(i.main) refers to main.o(i.Delay) for Delay
    main.o(i.main) refers to main.o(i.TriggerPendSVC) for TriggerPendSVC
    main.o(i.main) refers to main.o(.bss) for stackBuffer
    main.o(i.main) refers to main.o(.data) for block
    startup_armcm4.o(i.Reset_Handler) refers to system_armcm4.o(i.SystemInit) for SystemInit
    startup_armcm4.o(i.Reset_Handler) refers to entry.o(.ARM.Collect$$$$00000000) for __main
    startup_armcm4.o(RESET) refers to startup_armcm4.o(i.Reset_Handler) for Reset_Handler
    startup_armcm4.o(RESET) refers to startup_armcm4.o(i.Default_Handler) for NMI_Handler
    startup_armcm4.o(RESET) refers to startup_armcm4.o(i.HardFault_Handler) for HardFault_Handler
    startup_armcm4.o(RESET) refers to switch.o(.emb_text) for PendSV_Handler
    system_armcm4.o(i.SystemCoreClockUpdate) refers to system_armcm4.o(.data) for SystemCoreClock
    system_armcm4.o(i.SystemInit) refers to startup_armcm4.o(RESET) for __Vectors
    system_armcm4.o(i.SystemInit) refers to system_armcm4.o(.data) for SystemCoreClock
    entry.o(.ARM.Collect$$$$00000000) refers (Special) to entry10a.o(.ARM.Collect$$$$0000000F) for __rt_final_cpp
    entry.o(.ARM.Collect$$$$00000000) refers (Special) to entry11a.o(.ARM.Collect$$$$00000011) for __rt_final_exit
    entry.o(.ARM.Collect$$$$00000000) refers (Special) to entry12b.o(.ARM.Collect$$$$0000000E) for __rt_lib_shutdown_fini
    entry.o(.ARM.Collect$$$$00000000) refers (Special) to entry7b.o(.ARM.Collect$$$$00000008) for _main_clock
    entry.o(.ARM.Collect$$$$00000000) refers (Special) to entry8b.o(.ARM.Collect$$$$0000000A) for _main_cpp_init
    entry.o(.ARM.Collect$$$$00000000) refers (Special) to entry9a.o(.ARM.Collect$$$$0000000B) for _main_init
    entry.o(.ARM.Collect$$$$00000000) refers (Special) to entry5.o(.ARM.Collect$$$$00000004) for _main_scatterload
    entry.o(.ARM.Collect$$$$00000000) refers (Special) to entry4.o(.ARM.Collect$$$$00000003) for _main_stk
    entry4.o(.ARM.Collect$$$$00000003) refers to entry4.o(.ARM.Collect$$$$00002714) for __lit__00000000
    entry4.o(__vectab_stack_and_reset_area) refers to entry.o(.ARM.Collect$$$$00000000) for __main
    entry5.o(.ARM.Collect$$$$00000004) refers to init.o(.text) for __scatterload
    entry9a.o(.ARM.Collect$$$$0000000B) refers to main.o(i.main) for main
    entry9b.o(.ARM.Collect$$$$0000000C) refers to main.o(i.main) for main
    init.o(.text) refers to entry5.o(.ARM.Collect$$$$00000004) for __main_after_scatterload


==============================================================================

Removing Unused input sections from the image.

    Removing startup_armcm4.o(.rev16_text), (4 bytes).
    Removing startup_armcm4.o(.revsh_text), (4 bytes).
    Removing startup_armcm4.o(.rrx_text), (6 bytes).
    Removing system_armcm4.o(.rev16_text), (4 bytes).
    Removing system_armcm4.o(.revsh_text), (4 bytes).
    Removing system_armcm4.o(.rrx_text), (6 bytes).
    Removing system_armcm4.o(i.SystemCoreClockUpdate), (16 bytes).

7 unused section(s) (total 44 bytes) removed from the image.
