<html>
<body>
<pre>
<h1>µVision Build Log</h1>
<h2>Tool Versions:</h2>
IDE-Version: ¶ÃVision V5.36.0.0
Copyright (C) 2021 ARM Ltd and ARM Germany GmbH. All rights reserved.
License Information: 123 Administrator, 123, LIC=8VRJ7-EIKA6-Z9MG9-4F1IS-46UJG-RIQ79
 
Tool Versions:
Toolchain:       MDK-ARM Plus  Version: 5.36.0.0
Toolchain Path:  E:\MDK-ARM-5.36\APP\ARM\ARMCLANG\Bin
C Compiler:      ArmClang.exe V6.16
Assembler:       Armasm.exe V6.16
Linker/Locator:  ArmLink.exe V6.16
Library Manager: ArmAr.exe V6.16
Hex Converter:   FromElf.exe V6.16
CPU DLL:         SARMCM3.DLL V5.36.0.0
Dialog DLL:      DCM.DLL V1.17.3.0
Target DLL:      UL2CM3.DLL V1.164.0.0
Dialog DLL:      TCM.DLL V1.53.0.0
 
<h2>Project:</h2>
D:\RTOS_Files\code\02_»ŒŒÒ«–ªª\RTOS.uvprojx
Project File Date:  12/26/2022

<h2>Output:</h2>
*** Using Compiler 'V6.16', folder: 'E:\MDK-ARM-5.36\APP\ARM\ARMCLANG\Bin'
Rebuild target 'Target 1'
compiling startup_ARMCM4.c...
compiling main.c...
compiling system_ARMCM4.c...
linking...
Program Size: Code=152 RO-data=976 RW-data=4 ZI-data=3584  
".\Objects\RTOS.axf" - 0 Error(s), 0 Warning(s).

<h2>Software Packages used:</h2>

Package Vendor: ARM
                http://www.keil.com/pack/ARM.CMSIS.5.8.0.pack
                ARM.CMSIS.5.8.0
                CMSIS (Common Microcontroller Software Interface Standard)
   * Component: CORE Version: 5.5.0
   * Component: Startup Variant: C Startup Version: 2.0.3

<h2>Collection of Component include folders:</h2>
  .\RTE\_Target_1
  E:\MDK-ARM-5.36\pack\ARM\CMSIS\5.8.0\CMSIS\Core\Include
  E:\MDK-ARM-5.36\pack\ARM\CMSIS\5.8.0\Device\ARM\ARMCM4\Include

<h2>Collection of Component Files used:</h2>

   * Component: ARM::CMSIS:CORE:5.5.0

   * Component: ARM::Device:Startup:C Startup:2.0.3
      Source file:   Device\ARM\ARMCM4\Source\system_ARMCM4.c
      Source file:   Device\ARM\ARMCM4\Source\startup_ARMCM4.c
Build Time Elapsed:  00:00:00
</pre>
</body>
</html>
