Component: ARM Compiler 6.16 Tool: armlink [5dfeaa00]

==============================================================================

Section Cross References

    main.o(.ARM.exidx.text.tTaskInit) refers to main.o(.text.tTaskInit) for [Anonymous Symbol]
    main.o(.ARM.exidx.text.Task1) refers to main.o(.text.Task1) for [Anonymous Symbol]
    main.o(.ARM.exidx.text.Task2) refers to main.o(.text.Task2) for [Anonymous Symbol]
    main.o(.ARM.exidx.text.main) refers to main.o(.text.main) for [Anonymous Symbol]
    startup_armcm4.o(.ARM.exidx.text.Default_Handler) refers to startup_armcm4.o(.text.Default_Handler) for [Anonymous Symbol]
    startup_armcm4.o(.text.Reset_Handler) refers to system_armcm4.o(.text.SystemInit) for SystemInit
    startup_armcm4.o(.text.Reset_Handler) refers to entry.o(.ARM.Collect$$$$00000000) for __main
    startup_armcm4.o(.ARM.exidx.text.Reset_Handler) refers to startup_armcm4.o(.text.Reset_Handler) for [Anonymous Symbol]
    startup_armcm4.o(.ARM.exidx.text.HardFault_Handler) refers to startup_armcm4.o(.text.HardFault_Handler) for [Anonymous Symbol]
    startup_armcm4.o(RESET) refers to startup_armcm4.o(.text.Reset_Handler) for Reset_Handler
    startup_armcm4.o(RESET) refers to startup_armcm4.o(.text.Default_Handler) for NMI_Handler
    startup_armcm4.o(RESET) refers to startup_armcm4.o(.text.HardFault_Handler) for HardFault_Handler
    system_armcm4.o(.text.SystemCoreClockUpdate) refers to system_armcm4.o(.data.SystemCoreClock) for SystemCoreClock
    system_armcm4.o(.ARM.exidx.text.SystemCoreClockUpdate) refers to system_armcm4.o(.text.SystemCoreClockUpdate) for [Anonymous Symbol]
    system_armcm4.o(.text.SystemInit) refers to startup_armcm4.o(RESET) for __Vectors
    system_armcm4.o(.text.SystemInit) refers to system_armcm4.o(.data.SystemCoreClock) for SystemCoreClock
    system_armcm4.o(.ARM.exidx.text.SystemInit) refers to system_armcm4.o(.text.SystemInit) for [Anonymous Symbol]
    entry.o(.ARM.Collect$$$$00000000) refers (Special) to entry10a.o(.ARM.Collect$$$$0000000D) for __rt_final_cpp
    entry.o(.ARM.Collect$$$$00000000) refers (Special) to entry11a.o(.ARM.Collect$$$$0000000F) for __rt_final_exit
    entry.o(.ARM.Collect$$$$00000000) refers (Special) to entry7b.o(.ARM.Collect$$$$00000008) for _main_clock
    entry.o(.ARM.Collect$$$$00000000) refers (Special) to entry8b.o(.ARM.Collect$$$$0000000A) for _main_cpp_init
    entry.o(.ARM.Collect$$$$00000000) refers (Special) to entry9a.o(.ARM.Collect$$$$0000000B) for _main_init
    entry.o(.ARM.Collect$$$$00000000) refers (Special) to entry5.o(.ARM.Collect$$$$00000004) for _main_scatterload
    entry.o(.ARM.Collect$$$$00000000) refers (Special) to entry4.o(.ARM.Collect$$$$00000003) for _main_stk
    entry4.o(.ARM.Collect$$$$00000003) refers to entry4.o(.ARM.Collect$$$$00002714) for __lit__00000000
    entry4.o(__vectab_stack_and_reset_area) refers to entry.o(.ARM.Collect$$$$00000000) for __main
    entry5.o(.ARM.Collect$$$$00000004) refers to init.o(.text) for __scatterload
    entry9a.o(.ARM.Collect$$$$0000000B) refers to main.o(.text.main) for main
    entry9b.o(.ARM.Collect$$$$0000000C) refers to main.o(.text.main) for main
    init.o(.text) refers to entry5.o(.ARM.Collect$$$$00000004) for __main_after_scatterload


==============================================================================

Removing Unused input sections from the image.

    Removing main.o(.text), (0 bytes).
    Removing main.o(.text.tTaskInit), (20 bytes).
    Removing main.o(.ARM.exidx.text.tTaskInit), (8 bytes).
    Removing main.o(.text.Task1), (8 bytes).
    Removing main.o(.ARM.exidx.text.Task1), (8 bytes).
    Removing main.o(.text.Task2), (8 bytes).
    Removing main.o(.ARM.exidx.text.Task2), (8 bytes).
    Removing main.o(.ARM.exidx.text.main), (8 bytes).
    Removing main.o(.bss.tTask1), (4 bytes).
    Removing main.o(.bss.tTask2), (4 bytes).
    Removing main.o(.bss.task1Env), (4096 bytes).
    Removing main.o(.bss.task2Env), (4096 bytes).
    Removing main.o(.ARM.use_no_argv), (4 bytes).
    Removing startup_armcm4.o(.text), (0 bytes).
    Removing startup_armcm4.o(.ARM.exidx.text.Default_Handler), (8 bytes).
    Removing startup_armcm4.o(.ARM.exidx.text.Reset_Handler), (8 bytes).
    Removing startup_armcm4.o(.ARM.exidx.text.HardFault_Handler), (8 bytes).
    Removing system_armcm4.o(.text), (0 bytes).
    Removing system_armcm4.o(.text.SystemCoreClockUpdate), (20 bytes).
    Removing system_armcm4.o(.ARM.exidx.text.SystemCoreClockUpdate), (8 bytes).
    Removing system_armcm4.o(.ARM.exidx.text.SystemInit), (8 bytes).

21 unused section(s) (total 8332 bytes) removed from the image.

==============================================================================

Image Symbol Table

    Local Symbols

    Symbol Name                              Value     Ov Type        Size  Object(Section)

    ../clib/microlib/init/entry.s            0x00000000   Number         0  entry.o ABSOLUTE
    ../clib/microlib/init/entry.s            0x00000000   Number         0  entry4.o ABSOLUTE
    ../clib/microlib/init/entry.s            0x00000000   Number         0  entry5.o ABSOLUTE
    ../clib/microlib/init/entry.s            0x00000000   Number         0  entry7a.o ABSOLUTE
    ../clib/microlib/init/entry.s            0x00000000   Number         0  entry7b.o ABSOLUTE
    ../clib/microlib/init/entry.s            0x00000000   Number         0  entry8a.o ABSOLUTE
    ../clib/microlib/init/entry.s            0x00000000   Number         0  entry8b.o ABSOLUTE
    ../clib/microlib/init/entry.s            0x00000000   Number         0  entry9a.o ABSOLUTE
    ../clib/microlib/init/entry.s            0x00000000   Number         0  entry9b.o ABSOLUTE
    ../clib/microlib/init/entry.s            0x00000000   Number         0  entry10a.o ABSOLUTE
    ../clib/microlib/init/entry.s            0x00000000   Number         0  entry10b.o ABSOLUTE
    ../clib/microlib/init/entry.s            0x00000000   Number         0  entry11a.o ABSOLUTE
    ../clib/microlib/init/entry.s            0x00000000   Number         0  entry11b.o ABSOLUTE
    __tagsym$$used.0                         0x00000000   Number         0  startup_armcm4.o(RESET)
    dc.s                                     0x00000000   Number         0  dc.o ABSOLUTE
    handlers.s                               0x00000000   Number         0  handlers.o ABSOLUTE
    init.s                                   0x00000000   Number         0  init.o ABSOLUTE
    main.c                                   0x00000000   Number         0  main.o ABSOLUTE
    startup_ARMCM4.c                         0x00000000   Number         0  startup_armcm4.o ABSOLUTE
    system_ARMCM4.c                          0x00000000   Number         0  system_armcm4.o ABSOLUTE
    .ARM.Collect$$$$00000000                 0x000003c0   Section        0  entry.o(.ARM.Collect$$$$00000000)
    .ARM.Collect$$$$00000003                 0x000003c0   Section        4  entry4.o(.ARM.Collect$$$$00000003)
    .ARM.Collect$$$$00000004                 0x000003c4   Section        4  entry5.o(.ARM.Collect$$$$00000004)
    .ARM.Collect$$$$00000008                 0x000003c8   Section        0  entry7b.o(.ARM.Collect$$$$00000008)
    .ARM.Collect$$$$0000000A                 0x000003c8   Section        0  entry8b.o(.ARM.Collect$$$$0000000A)
    .ARM.Collect$$$$0000000B                 0x000003c8   Section        8  entry9a.o(.ARM.Collect$$$$0000000B)
    __lit__00000000                          0x000003d0   Data           4  entry4.o(.ARM.Collect$$$$00002714)
    .ARM.Collect$$$$0000000D                 0x000003d0   Section        0  entry10a.o(.ARM.Collect$$$$0000000D)
    .ARM.Collect$$$$0000000F                 0x000003d0   Section        0  entry11a.o(.ARM.Collect$$$$0000000F)
    .ARM.Collect$$$$00002714                 0x000003d0   Section        4  entry4.o(.ARM.Collect$$$$00002714)
    .text                                    0x000003d4   Section       36  init.o(.text)
    [Anonymous Symbol]                       0x000003f8   Section        0  startup_armcm4.o(.text.Default_Handler)
    [Anonymous Symbol]                       0x000003fc   Section        0  startup_armcm4.o(.text.HardFault_Handler)
    [Anonymous Symbol]                       0x00000400   Section        0  startup_armcm4.o(.text.Reset_Handler)
    [Anonymous Symbol]                       0x00000408   Section        0  system_armcm4.o(.text.SystemInit)
    [Anonymous Symbol]                       0x00000430   Section        0  main.o(.text.main)
    i.__scatterload_copy                     0x0000043a   Section       14  handlers.o(i.__scatterload_copy)
    i.__scatterload_null                     0x00000448   Section        2  handlers.o(i.__scatterload_null)
    i.__scatterload_zeroinit                 0x0000044a   Section       14  handlers.o(i.__scatterload_zeroinit)

    Global Symbols

    Symbol Name                              Value     Ov Type        Size  Object(Section)

    BuildAttributes$$THM_ISAv4$E$P$D$K$B$S$7EM$PE$A:L22UL41UL21$X:L11$S22US41US21$IEEE1$IW$USESV6$~STKCKD$USESV7$~SHL$OSPACE$MICROLIB$REQ8$PRES8$EABIv2 0x00000000   Number         0  anon$$obj.o ABSOLUTE
    __Vectors                                0x00000000   Data         960  startup_armcm4.o(RESET)
    __cpp_initialize__aeabi_                  - Undefined Weak Reference
    __cxa_finalize                            - Undefined Weak Reference
    __decompress                              - Undefined Weak Reference
    _clock_init                               - Undefined Weak Reference
    _microlib_exit                            - Undefined Weak Reference
    __main                                   0x000003c1   Thumb Code     0  entry.o(.ARM.Collect$$$$00000000)
    _main_stk                                0x000003c1   Thumb Code     0  entry4.o(.ARM.Collect$$$$00000003)
    _main_scatterload                        0x000003c5   Thumb Code     0  entry5.o(.ARM.Collect$$$$00000004)
    __main_after_scatterload                 0x000003c9   Thumb Code     0  entry5.o(.ARM.Collect$$$$00000004)
    _main_clock                              0x000003c9   Thumb Code     0  entry7b.o(.ARM.Collect$$$$00000008)
    _main_cpp_init                           0x000003c9   Thumb Code     0  entry8b.o(.ARM.Collect$$$$0000000A)
    _main_init                               0x000003c9   Thumb Code     0  entry9a.o(.ARM.Collect$$$$0000000B)
    __rt_final_cpp                           0x000003d1   Thumb Code     0  entry10a.o(.ARM.Collect$$$$0000000D)
    __rt_final_exit                          0x000003d1   Thumb Code     0  entry11a.o(.ARM.Collect$$$$0000000F)
    __scatterload                            0x000003d5   Thumb Code    28  init.o(.text)
    __scatterload_rt2                        0x000003d5   Thumb Code     0  init.o(.text)
    BusFault_Handler                         0x000003f9   Thumb Code     4  startup_armcm4.o(.text.Default_Handler)
    DebugMon_Handler                         0x000003f9   Thumb Code     4  startup_armcm4.o(.text.Default_Handler)
    Default_Handler                          0x000003f9   Thumb Code     4  startup_armcm4.o(.text.Default_Handler)
    Interrupt0_Handler                       0x000003f9   Thumb Code     4  startup_armcm4.o(.text.Default_Handler)
    Interrupt1_Handler                       0x000003f9   Thumb Code     4  startup_armcm4.o(.text.Default_Handler)
    Interrupt2_Handler                       0x000003f9   Thumb Code     4  startup_armcm4.o(.text.Default_Handler)
    Interrupt3_Handler                       0x000003f9   Thumb Code     4  startup_armcm4.o(.text.Default_Handler)
    Interrupt4_Handler                       0x000003f9   Thumb Code     4  startup_armcm4.o(.text.Default_Handler)
    Interrupt5_Handler                       0x000003f9   Thumb Code     4  startup_armcm4.o(.text.Default_Handler)
    Interrupt6_Handler                       0x000003f9   Thumb Code     4  startup_armcm4.o(.text.Default_Handler)
    Interrupt7_Handler                       0x000003f9   Thumb Code     4  startup_armcm4.o(.text.Default_Handler)
    Interrupt8_Handler                       0x000003f9   Thumb Code     4  startup_armcm4.o(.text.Default_Handler)
    Interrupt9_Handler                       0x000003f9   Thumb Code     4  startup_armcm4.o(.text.Default_Handler)
    MemManage_Handler                        0x000003f9   Thumb Code     4  startup_armcm4.o(.text.Default_Handler)
    NMI_Handler                              0x000003f9   Thumb Code     4  startup_armcm4.o(.text.Default_Handler)
    PendSV_Handler                           0x000003f9   Thumb Code     4  startup_armcm4.o(.text.Default_Handler)
    SVC_Handler                              0x000003f9   Thumb Code     4  startup_armcm4.o(.text.Default_Handler)
    SysTick_Handler                          0x000003f9   Thumb Code     4  startup_armcm4.o(.text.Default_Handler)
    UsageFault_Handler                       0x000003f9   Thumb Code     4  startup_armcm4.o(.text.Default_Handler)
    HardFault_Handler                        0x000003fd   Thumb Code     4  startup_armcm4.o(.text.HardFault_Handler)
    Reset_Handler                            0x00000401   Thumb Code     8  startup_armcm4.o(.text.Reset_Handler)
    SystemInit                               0x00000409   Thumb Code    38  system_armcm4.o(.text.SystemInit)
    main                                     0x00000431   Thumb Code    10  main.o(.text.main)
    __scatterload_copy                       0x0000043b   Thumb Code    14  handlers.o(i.__scatterload_copy)
    __scatterload_null                       0x00000449   Thumb Code     2  handlers.o(i.__scatterload_null)
    __scatterload_zeroinit                   0x0000044b   Thumb Code    14  handlers.o(i.__scatterload_zeroinit)
    Region$$Table$$Base                      0x00000458   Number         0  anon$$obj.o(Region$$Table)
    Region$$Table$$Limit                     0x00000468   Number         0  anon$$obj.o(Region$$Table)
    SystemCoreClock                          0x20000000   Data           4  system_armcm4.o(.data.SystemCoreClock)
    Image$$ARM_LIB_STACK$$ZI$$Limit          0x20040000   Number         0  anon$$obj.o ABSOLUTE



==============================================================================

Memory Map of the image

  Image Entry point : 0x000003c1

  Load Region LR_ROM (Base: 0x00000000, Size: 0x0000046c, Max: 0x00080000, ABSOLUTE)

    Execution Region ER_ROM (Exec base: 0x00000000, Load base: 0x00000000, Size: 0x00000468, Max: 0x00080000, ABSOLUTE)

    Exec Addr    Load Addr    Size         Type   Attr      Idx    E Section Name        Object

    0x00000000   0x00000000   0x000003c0   Data   RO           30    RESET               startup_armcm4.o
    0x000003c0   0x000003c0   0x00000000   Code   RO           49  * .ARM.Collect$$$$00000000  mc_w.l(entry.o)
    0x000003c0   0x000003c0   0x00000004   Code   RO           52    .ARM.Collect$$$$00000003  mc_w.l(entry4.o)
    0x000003c4   0x000003c4   0x00000004   Code   RO           55    .ARM.Collect$$$$00000004  mc_w.l(entry5.o)
    0x000003c8   0x000003c8   0x00000000   Code   RO           57    .ARM.Collect$$$$00000008  mc_w.l(entry7b.o)
    0x000003c8   0x000003c8   0x00000000   Code   RO           59    .ARM.Collect$$$$0000000A  mc_w.l(entry8b.o)
    0x000003c8   0x000003c8   0x00000008   Code   RO           60    .ARM.Collect$$$$0000000B  mc_w.l(entry9a.o)
    0x000003d0   0x000003d0   0x00000000   Code   RO           62    .ARM.Collect$$$$0000000D  mc_w.l(entry10a.o)
    0x000003d0   0x000003d0   0x00000000   Code   RO           64    .ARM.Collect$$$$0000000F  mc_w.l(entry11a.o)
    0x000003d0   0x000003d0   0x00000004   Code   RO           53    .ARM.Collect$$$$00002714  mc_w.l(entry4.o)
    0x000003d4   0x000003d4   0x00000024   Code   RO           66    .text               mc_w.l(init.o)
    0x000003f8   0x000003f8   0x00000004   Code   RO           24    .text.Default_Handler  startup_armcm4.o
    0x000003fc   0x000003fc   0x00000004   Code   RO           28    .text.HardFault_Handler  startup_armcm4.o
    0x00000400   0x00000400   0x00000008   Code   RO           26    .text.Reset_Handler  startup_armcm4.o
    0x00000408   0x00000408   0x00000026   Code   RO           40    .text.SystemInit    system_armcm4.o
    0x0000042e   0x0000042e   0x00000002   PAD
    0x00000430   0x00000430   0x0000000a   Code   RO           10    .text.main          main.o
    0x0000043a   0x0000043a   0x0000000e   Code   RO           70    i.__scatterload_copy  mc_w.l(handlers.o)
    0x00000448   0x00000448   0x00000002   Code   RO           71    i.__scatterload_null  mc_w.l(handlers.o)
    0x0000044a   0x0000044a   0x0000000e   Code   RO           72    i.__scatterload_zeroinit  mc_w.l(handlers.o)
    0x00000458   0x00000458   0x00000010   Data   RO           69    Region$$Table       anon$$obj.o


    Execution Region RW_RAM (Exec base: 0x20000000, Load base: 0x00000468, Size: 0x00000004, Max: 0x0003f200, ABSOLUTE)

    Exec Addr    Load Addr    Size         Type   Attr      Idx    E Section Name        Object

    0x20000000   0x00000468   0x00000004   Data   RW           42    .data.SystemCoreClock  system_armcm4.o


    Execution Region ARM_LIB_HEAP (Exec base: 0x20000008, Load base: 0x0000046c, Size: 0x00000c00, Max: 0x00000c00, ABSOLUTE)

    Exec Addr    Load Addr    Size         Type   Attr      Idx    E Section Name        Object

    0x20000008        -       0x00000c00   Zero   RW            1    ARM_LIB_HEAP.bss    anon$$obj.o


    Execution Region ARM_LIB_STACK (Exec base: 0x2003fe00, Load base: 0x0000046c, Size: 0x00000200, Max: 0x00000200, ABSOLUTE)

    Exec Addr    Load Addr    Size         Type   Attr      Idx    E Section Name        Object

    0x2003fe00        -       0x00000200   Zero   RW            2    ARM_LIB_STACK.bss   anon$$obj.o


==============================================================================

Image component sizes


      Code (inc. data)   RO Data    RW Data    ZI Data      Debug   Object Name

        10          0          0          0          0       1187   main.o
        16          0        960          0          0        829   startup_armcm4.o
        38          0          0          4          0       1358   system_armcm4.o

    ----------------------------------------------------------------------
        66          0        976          4       3584       3374   Object Totals
         0          0         16          0       3584          0   (incl. Generated)
         2          0          0          0          0          0   (incl. Padding)

    ----------------------------------------------------------------------

      Code (inc. data)   RO Data    RW Data    ZI Data      Debug   Library Member Name

         0          0          0          0          0          0   entry.o
         0          0          0          0          0          0   entry10a.o
         0          0          0          0          0          0   entry11a.o
         8          4          0          0          0          0   entry4.o
         4          0          0          0          0          0   entry5.o
         0          0          0          0          0          0   entry7b.o
         0          0          0          0          0          0   entry8b.o
         8          4          0          0          0          0   entry9a.o
        30          0          0          0          0          0   handlers.o
        36          8          0          0          0         68   init.o

    ----------------------------------------------------------------------
        86         16          0          0          0         68   Library Totals
         0          0          0          0          0          0   (incl. Padding)

    ----------------------------------------------------------------------

      Code (inc. data)   RO Data    RW Data    ZI Data      Debug   Library Name

        86         16          0          0          0         68   mc_w.l

    ----------------------------------------------------------------------
        86         16          0          0          0         68   Library Totals

    ----------------------------------------------------------------------

==============================================================================


      Code (inc. data)   RO Data    RW Data    ZI Data      Debug   

       152         16        976          4       3584       3606   Grand Totals
       152         16        976          4       3584       3606   ELF Image Totals
       152         16        976          4          0          0   ROM Totals

==============================================================================

    Total RO  Size (Code + RO Data)                 1128 (   1.10kB)
    Total RW  Size (RW Data + ZI Data)              3588 (   3.50kB)
    Total ROM Size (Code + RO Data + RW Data)       1132 (   1.11kB)

==============================================================================

